Loading source assets...
Loading dart_to_js_script_rewriter, di/module_transformer, observe, scissors, scissors/reloader/transformer and smoke/src/default_transformer transformers...
Loading angular transformers...
Building scissors_angular1_example...
[Info from SvgOptimization on scissors_angular1_example|lib/icon.svg]:
Optimized SVG: 671 chars → 255 chars (-416 chars = -62.0%)
[Info from SvgOptimization on scissors_angular1_example|lib/icon.svg]:
Optimized SVG content:
<svg version="1.1" xmlns="http://www.w3.org/2000/svg" x="0px" y="0px" width="21px" height="21px" viewBox="0 0 21 21" overflow="visible" enable-background="new 0 0 21 21"><rect x="0" y="0" height="10" width="10" style="stroke:#00ff00;fill:#ff0000"/>
</svg>
[Info from SvgOptimization on scissors_angular1_example|lib/icon2.svg]:
Optimized SVG: 213 chars → 125 chars (-88 chars = -41.4%)
[Info from SvgOptimization on scissors_angular1_example|lib/icon2.svg]:
Optimized SVG content:
<svg xmlns="http://www.w3.org/2000/svg"><rect x="0" y="0" height="10" width="10" style="stroke:#0000ff;fill:#00ff00"/>
</svg>
[Info from ReloaderRemoval on scissors_angular1_example|web/main.dart]:
Removing reference to reloader

[Info from PngOptimization on scissors_angular1_example|lib/plus.png]:
Optimized PNG: 969 bytes → 852 bytes (-117 bytes = -12.1%)
[Info from CssPruning on scissors_angular1_example|lib/foo.css]:
Dropping unused CSS rule: .unused-class {
  float: left;
}
[Info from CssPruning on scissors_angular1_example|lib/foo.css]:
Dropping unused CSS rule: absent-element {
  float: left;
}
[Info from CssPruning on scissors_angular1_example|lib/foo.css]:
Pruned CSS: 359 chars → 308 chars (-51 chars = -14.3%)
[Info from ImageInlining on scissors_angular1_example|lib/foo.css]:
line 1, column 203 of scissors_angular1_example|lib/foo.css: Inlined 'icon.svg' with scissors_angular1_example|lib/icon.svg
inline-image("icon.svg")
^^^^^^^^^^^^^^^^^^^^^^^^
[Info from ImageInlining on scissors_angular1_example|lib/foo.css]:
line 1, column 257 of scissors_angular1_example|lib/foo.css: Inlined 'plus.png' with scissors_angular1_example|lib/plus.png
inline-image("plus.png")
^^^^^^^^^^^^^^^^^^^^^^^^
[Info from ImageInlining on scissors_angular1_example|lib/foo.css]:
line 1, column 108 of scissors_angular1_example|lib/foo.css: Inlined 'package:scissors_angular1_example/icon2.svg' with scissors_angular1_example|lib/icon2.svg
url("package:scissors_angular1_example/icon2.svg")
^^^^^^^^^^^^^^^^^^^^^^^^^^^^^^^^^^^^^^^^^^^^^^^^^^
[Info from BidiCss on scissors_angular1_example|scissors_angular1_example|lib/foo]:
Bidirectionalized css:
present-element{color:blue}present-element{background-color:yellow}.used-class{background-image:url('data:image/svg+xml;base64,PHN2ZyB4bWxucz0iaHR0cDovL3d3dy53My5vcmcvMjAwMC9zdmciPjxyZWN0IHg9IjAiIHk9IjAiIGhlaWdodD0iMTAiIHdpZHRoPSIxMCIgc3R5bGU9InN0cm9rZTojMDAwMGZmO2ZpbGw6IzAwZmYwMCIvPgo8L3N2Zz4=')}present-element{background-image:url('data:image/svg+xml;base64,PHN2ZyB2ZXJzaW9uPSIxLjEiIHhtbG5zPSJodHRwOi8vd3d3LnczLm9yZy8yMDAwL3N2ZyIgeD0iMHB4IiB5PSIwcHgiIHdpZHRoPSIyMXB4IiBoZWlnaHQ9IjIxcHgiIHZpZXdCb3g9IjAgMCAyMSAyMSIgb3ZlcmZsb3c9InZpc2libGUiIGVuYWJsZS1iYWNrZ3JvdW5kPSJuZXcgMCAwIDIxIDIxIj48cmVjdCB4PSIwIiB5PSIwIiBoZWlnaHQ9IjEwIiB3aWR0aD0iMTAiIHN0eWxlPSJzdHJva2U6IzAwZmYwMDtmaWxsOiNmZjAwMDAiLz4KPC9zdmc+')}.plus-image{background-image:url('data:image/png;base64,iVBORw0KGgoAAAANSUhEUgAAAEAAAABACAYAAACqaXHeAAADG0lEQVR42u1aS3YbMQxj3uuFkkumPo/v06T3IDBdSJRIafzSlb3AaOP/jAiCP8hm17rWta4lvN5ecdOvP18HCANopBtAA2EE7P3946l7+vUKAJrxHQDAQPbXePpeXgKAo3mbhDk7CB0QCQCGwd3z7MYDrgEAksdBN4JG0qjCgAwAU/yDYgCQKRECRhkAHK3skeZwIw9jL4UaABBG0DziHzDvfYAGAMDweDzGexoAOAzHNDrnAw0ACENJgLMaaADQPR7ejxIolgPyDMAeAjIAcMS8KAO8MoAwulgnuI7Bckkw035MgzqdIEsVyGyQAIDuvfXtbfBohA4NAKYKJMoA+DIDvFAT3BTY77/fB52Gg22jXbUlYY6ZtDwpuqWmc+3vc6vr/TNWYXQ8n69zYowy6allZrpXG6lZrkXC3PseyVFm7/d7sXljQPZOe9xLFctnVdVhyu7TUPbxF0P+8gFG+j7rb8d7y9BENikNsYeUT5CcUZz2YNjaAKjUrBc7i9nVAKbmZgPn4fMJFlcm0Q04CqNWQ3M59XFtFlBizz8C4IN+i9exS9hB1c3oYkASQIOqhMFT6HDZ6BBJphHhzYMT9DWEyLzfDh4TC0/6jBMGYMbqEs/0FJOsnjqlLZnOAGqMRi/QfuOFyms4TUM77WNPx7zHUbw/7/dTp7kzYFVrygUebDRudpIUV+8EGAxR5MxrI1EGtbmFYM5DK+hZYotrEW7+PyEA92JQqwjoQmYWMLzSFziNuS2RpcGnJsmaZwq1U/jl0JhnC9g/G3kg2HY+bb7kcPR2ux1zCkz5g7Tfn58Ch6MRrzn+pYYhYKsmwQIJANwxS2hpkEQAqC3yTGBCw9CMe5ZGSUYSO2m3qXQyxNkr+GhexKpA6yjzJNcOSzUA8NnK1j9IqDCgxD/6uEudP0jE9FZGZaX/B7B0gFVkkQBgm/fTeC0EwCx9eVSWAeCR2qMDQC5/EGyEsvyVO0IZAAoLkrosA8BQjIdELlYFpmhahVMZAEojRDRtUKUKlNMk1IMMCQC8HKDW8wAJAKrRLOFwrWtd61rXeuL6B4qTYwWQ5UcIAAAAAElFTkSuQmCC');background-size:16px 16px}

:host-context([dir="ltr"]) .used-class{float:left;}:host-context([dir="ltr"]) present-element{float:left;}
:host-context([dir="rtl"]) .used-class{float:right;}:host-context([dir="rtl"]) present-element{float:right;}
[Info from Dart2JS]:
Compiling scissors_angular1_example|web/main.dart...
[Warning from Dart2JS on scissors_angular1_example|web/main.dart]:
packages/angular/core/annotation_src.dart:3:44:
Library 'package:di/di.dart' doesn't export a 'Visibility' declaration.
Try removing 'Visibility' from the 'show' clause.
import "package:di/di.dart" show Injector, Visibility, Factory;
                                           ^^^^^^^^^^
[Warning from Dart2JS on scissors_angular1_example|web/main.dart]:
packages/angular/core/annotation_src.dart:3:56:
Library 'package:di/di.dart' doesn't export a 'Factory' declaration.
Try removing 'Factory' from the 'show' clause.
import "package:di/di.dart" show Injector, Visibility, Factory;
                                                       ^^^^^^^
[Warning from Dart2JS on scissors_angular1_example|web/main.dart]:
packages/angular/core/annotation.dart:11:5:
Library 'package:angular/core/annotation_src.dart' doesn't export a 'ShadowRootAware' declaration.
Try removing 'ShadowRootAware' from the 'show' clause.
    ShadowRootAware,
    ^^^^^^^^^^^^^^^
[Warning from Dart2JS on scissors_angular1_example|web/main.dart]:
packages/angular/core/module.dart:70:5:
Library 'package:angular/core/module_internal.dart' doesn't export a 'CacheStats' declaration.
Try removing 'CacheStats' from the 'show' clause.
    CacheStats,
    ^^^^^^^^^^
[Warning from Dart2JS on scissors_angular1_example|web/main.dart]:
packages/angular/core/module.dart:71:5:
Library 'package:angular/core/module_internal.dart' doesn't export a 'ComponentCssRewriter' declaration.
Try removing 'ComponentCssRewriter' from the 'show' clause.
    ComponentCssRewriter,
    ^^^^^^^^^^^^^^^^^^^^
[Warning from Dart2JS on scissors_angular1_example|web/main.dart]:
packages/angular/core/module.dart:50:5:
Library 'package:angular/core_dom/module_internal.dart' doesn't export a 'NgAnimate' declaration.
Try removing 'NgAnimate' from the 'show' clause.
    NgAnimate,
    ^^^^^^^^^
[Warning from Dart2JS on scissors_angular1_example|web/main.dart]:
packages/angular/core/module.dart:54:5:
Library 'package:angular/core_dom/module_internal.dart' doesn't export a 'PendingAsync' declaration.
Try removing 'PendingAsync' from the 'show' clause.
    PendingAsync,
    ^^^^^^^^^^^^
[Dart2JS on scissors_angular1_example|web/main.dart]:
4 warning(s) suppressed in package:angular.
[Info from Dart2JS]:
Built 177 files to "build".
